
jdiogenes@21LAPBRJ224Z2D5 MINGW64 ~/Desktop/ProjetoGIT
$ git init
Initialized empty Git repository in C:/Users/jdiogenes/Desktop/ProjetoGIT

jdiogenes@21LAPBRJ224Z2D5 MINGW64 ~/Desktop/ProjetoGIT (master)
$ git status
On branch master

No commits yet

nothing to commit (create/copy files and use "git add" to track)

jdiogenes@21LAPBRJ224Z2D5 MINGW64 ~/Desktop/ProjetoGIT (master)
$ git status
On branch master

No commits yet

Untracked files:
  (use "git add <file>..." to include in what will be committed)
        Cadastro.txt
        Home.txt

nothing added to commit but untracked files present (use "git add" to tra

jdiogenes@21LAPBRJ224Z2D5 MINGW64 ~/Desktop/ProjetoGIT (master)
$ git status
On branch master

No commits yet

Untracked files:
  (use "git add <file>..." to include in what will be committed)
        Cadastro.txt
        Home.txt

nothing added to commit but untracked files present (use "git add" to track)

jdiogenes@21LAPBRJ224Z2D5 MINGW64 ~/Desktop/ProjetoGIT (master)
$ git status -s
?? Cadastro.txt
?? Home.txt

jdiogenes@21LAPBRJ224Z2D5 MINGW64 ~/Desktop/ProjetoGIT (master)
$ git add Home.txt

jdiogenes@21LAPBRJ224Z2D5 MINGW64 ~/Desktop/ProjetoGIT (master)
$ git status
On branch master

No commits yet

Changes to be committed:
  (use "git rm --cached <file>..." to unstage)
        new file:   Home.txt

Untracked files:
  (use "git add <file>..." to include in what will be committed)
        Cadastro.txt


jdiogenes@21LAPBRJ224Z2D5 MINGW64 ~/Desktop/ProjetoGIT (master)
$ git add Cadastro.txt

jdiogenes@21LAPBRJ224Z2D5 MINGW64 ~/Desktop/ProjetoGIT (master)
$ git status
On branch master

No commits yet

Changes to be committed:
  (use "git rm --cached <file>..." to unstage)
        new file:   Cadastro.txt
        new file:   Home.txt


jdiogenes@21LAPBRJ224Z2D5 MINGW64 ~/Desktop/ProjetoGIT (master)
$ git commit -m
error: switch `m' requires a value

jdiogenes@21LAPBRJ224Z2D5 MINGW64 ~/Desktop/ProjetoGIT (master)
$ git commit -m "criação de arquivos"
[master (root-commit) fbfe036] criação de arquivos
 2 files changed, 2 insertions(+)
 create mode 100644 Cadastro.txt
 create mode 100644 Home.txt


jdiogenes@21LAPBRJ224Z2D5 MINGW64 ~/Desktop/ProjetoGIT (master)
$ git status
On branch master
Changes to be committed:
  (use "git restore --staged <file>..." to unstage)
        modified:   Home.txt


jdiogenes@21LAPBRJ224Z2D5 MINGW64 ~/Desktop/ProjetoGIT (master)
$ git add .

jdiogenes@21LAPBRJ224Z2D5 MINGW64 ~/Desktop/ProjetoGIT (master)
$ git status
On branch master
Changes to be committed:
  (use "git restore --staged <file>..." to unstage)
        modified:   Home.txt


jdiogenes@21LAPBRJ224Z2D5 MINGW64 ~/Desktop/ProjetoGIT (master)
$ git status -s
M  Home.txt

jdiogenes@21LAPBRJ224Z2D5 MINGW64 ~/Desktop/ProjetoGIT (master)
$ git add Cadastro.txt

jdiogenes@21LAPBRJ224Z2D5 MINGW64 ~/Desktop/ProjetoGIT (master)
$ git add Home.txt

jdiogenes@21LAPBRJ224Z2D5 MINGW64 ~/Desktop/ProjetoGIT (master)
$ git status -s
M  Home.txt

jdiogenes@21LAPBRJ224Z2D5 MINGW64 ~/Desktop/ProjetoGIT (master)
$ ssh-keygen -t ed25519-sk -c difreitas1610@gmail.com
Too many arguments.
usage: ssh-keygen [-q] [-a rounds] [-b bits] [-C comment] [-f output_keyfile]
                  [-m format] [-N new_passphrase] [-O option]
                  [-t dsa | ecdsa | ecdsa-sk | ed25519 | ed25519-sk | rsa]
                  [-w provider] [-Z cipher]
       ssh-keygen -p [-a rounds] [-f keyfile] [-m format] [-N new_passphrase]
                   [-P old_passphrase] [-Z cipher]
       ssh-keygen -i [-f input_keyfile] [-m key_format]
       ssh-keygen -e [-f input_keyfile] [-m key_format]
       ssh-keygen -y [-f input_keyfile]
       ssh-keygen -c [-a rounds] [-C comment] [-f keyfile] [-P passphrase]
       ssh-keygen -l [-v] [-E fingerprint_hash] [-f input_keyfile]
       ssh-keygen -B [-f input_keyfile]
       ssh-keygen -D pkcs11
       ssh-keygen -F hostname [-lv] [-f known_hosts_file]
       ssh-keygen -H [-f known_hosts_file]
       ssh-keygen -K [-a rounds] [-w provider]
       ssh-keygen -R hostname [-f known_hosts_file]
       ssh-keygen -r hostname [-g] [-f input_keyfile]
       ssh-keygen -M generate [-O option] output_file
       ssh-keygen -M screen [-f input_file] [-O option] output_file
       ssh-keygen -I certificate_identity -s ca_key [-hU] [-D pkcs11_provider]
                  [-n principals] [-O option] [-V validity_interval]
                  [-z serial_number] file ...
       ssh-keygen -L [-f input_keyfile]
       ssh-keygen -A [-a rounds] [-f prefix_path]
       ssh-keygen -k -f krl_file [-u] [-s ca_public] [-z version_number]
                  file ...
       ssh-keygen -Q [-l] -f krl_file [file ...]
       ssh-keygen -Y find-principals -s signature_file -f allowed_signers_file
       ssh-keygen -Y match-principals -I signer_identity -f allowed_signers_file
       ssh-keygen -Y check-novalidate -n namespace -s signature_file
       ssh-keygen -Y sign -f key_file -n namespace file [-O option] ...
       ssh-keygen -Y verify -f allowed_signers_file -I signer_identity
                  -n namespace -s signature_file [-r krl_file] [-O option]

jdiogenes@21LAPBRJ224Z2D5 MINGW64 ~/Desktop/ProjetoGIT (master)
$ ssh-keygen -t ed25519-sk -C difreitas1610@gmail.com
Generating public/private ed25519-sk key pair.
You may need to touch your authenticator to authorize key generation.
Enter PIN for authenticator:
You may need to touch your authenticator again to authorize key generation.
PIN incorrect
Enter PIN for authenticator:
You may need to touch your authenticator again to authorize key generation.
PIN incorrect
Too many incorrect PINs

jdiogenes@21LAPBRJ224Z2D5 MINGW64 ~/Desktop/ProjetoGIT (master)
$ ^C

jdiogenes@21LAPBRJ224Z2D5 MINGW64 ~/Desktop/ProjetoGIT (master)
$ ssh-keygen -t rsa -b 4096 -C "difreitas1610@gmail.com"
Generating public/private rsa key pair.
Enter file in which to save the key (/c/Users/jdiogenes/.ssh/id_rsa):
Created directory '/c/Users/jdiogenes/.ssh'.
Enter passphrase for "/c/Users/jdiogenes/.ssh/id_rsa" (empty for no passphrase):
Enter same passphrase again:
Your identification has been saved in /c/Users/jdiogenes/.ssh/id_rsa
Your public key has been saved in /c/Users/jdiogenes/.ssh/id_rsa.pub
The key fingerprint is:
SHA256:bWSohOOsWh/iOCFuTgMf/a0He4LKzRGFFJde23JVMfo difreitas1610@gmail.com
The key's randomart image is:
+---[RSA 4096]----+
|    o...     .+. |
|   . +. ..  .. . |
|    +.o..oo..    |
|   + +..o+o  .   |
|. . = . Soo   E  |
|+. o o.. .       |
|o+= o..o.        |
|oO.=.oo.o        |
|=o+.+ .+         |
+----[SHA256]-----+

jdiogenes@21LAPBRJ224Z2D5 MINGW64 ~/Desktop/ProjetoGIT (master)
$ ^C

jdiogenes@21LAPBRJ224Z2D5 MINGW64 ~/Desktop/ProjetoGIT (master)
$
--------------------------------------------------------------------------------

jdiogenes@21LAPBRJ224Z2D5 MINGW64 ~/Desktop/ProjetoGIT (main)
$ git init
Reinitialized existing Git repository in C:/Users/jdiogenes/Desktop/ProjetoGIT/.git/

jdiogenes@21LAPBRJ224Z2D5 MINGW64 ~/Desktop/ProjetoGIT (main)
$ git status
On branch main
Your branch is up to date with 'origin/main'.

Changes to be committed:
  (use "git restore --staged <file>..." to unstage)
        modified:   Home.txt


jdiogenes@21LAPBRJ224Z2D5 MINGW64 ~/Desktop/ProjetoGIT (main)
$ git add .
fatal: Unable to create 'C:/Users/jdiogenes/Desktop/ProjetoGIT/.git/index.lock': File exists.

Another git process seems to be running in this repository, e.g.
an editor opened by 'git commit'. Please make sure all processes
are terminated then try again. If it still fails, a git process
may have crashed in this repository earlier:
remove the file manually to continue.

jdiogenes@21LAPBRJ224Z2D5 MINGW64 ~/Desktop/ProjetoGIT (main)
$ git init
Reinitialized existing Git repository in C:/Users/jdiogenes/Desktop/ProjetoGIT/.git/

jdiogenes@21LAPBRJ224Z2D5 MINGW64 ~/Desktop/ProjetoGIT (main)
$ git add .

jdiogenes@21LAPBRJ224Z2D5 MINGW64 ~/Desktop/ProjetoGIT (main)
$ git status
On branch main
Your branch is up to date with 'origin/main'.

Changes to be committed:
  (use "git restore --staged <file>..." to unstage)
        modified:   Home.txt


jdiogenes@21LAPBRJ224Z2D5 MINGW64 ~/Desktop/ProjetoGIT (main)
$ git commit -m "Atualização do Home.txt"
[main 5faaa2a] Atualização do Home.txt
 1 file changed, 3 insertions(+), 1 deletion(-)

jdiogenes@21LAPBRJ224Z2D5 MINGW64 ~/Desktop/ProjetoGIT (main)
$ git status
On branch main
Your branch is ahead of 'origin/main' by 1 commit.
  (use "git push" to publish your local commits)

nothing to commit, working tree clean

jdiogenes@21LAPBRJ224Z2D5 MINGW64 ~/Desktop/ProjetoGIT (main)
$ git status -s

jdiogenes@21LAPBRJ224Z2D5 MINGW64 ~/Desktop/ProjetoGIT (main)
$ git status
On branch main
Your branch is ahead of 'origin/main' by 1 commit.
  (use "git push" to publish your local commits)

nothing to commit, working tree clean

jdiogenes@21LAPBRJ224Z2D5 MINGW64 ~/Desktop/ProjetoGIT (main)
$ git push
Enumerating objects: 5, done.
Counting objects: 100% (5/5), done.
Delta compression using up to 8 threads
Compressing objects: 100% (2/2), done.
Writing objects: 100% (3/3), 326 bytes | 108.00 KiB/s, done.
Total 3 (delta 0), reused 0 (delta 0), pack-reused 0 (from 0)
To https://github.com/diogenesfreitas/ProjetoGIT.git
   464c417..5faaa2a  main -> main

jdiogenes@21LAPBRJ224Z2D5 MINGW64 ~/Desktop/ProjetoGIT (main)
$ git pull
Already up to date.

jdiogenes@21LAPBRJ224Z2D5 MINGW64 ~/Desktop/ProjetoGIT (main)
$ git pull
Already up to date.

jdiogenes@21LAPBRJ224Z2D5 MINGW64 ~/Desktop/ProjetoGIT (main)
$ git status
On branch main
Your branch is up to date with 'origin/main'.

Changes not staged for commit:
  (use "git add <file>..." to update what will be committed)
  (use "git restore <file>..." to discard changes in working directory)
        modified:   Home.txt

no changes added to commit (use "git add" and/or "git commit -a")

jdiogenes@21LAPBRJ224Z2D5 MINGW64 ~/Desktop/ProjetoGIT (main)
$ git add .

jdiogenes@21LAPBRJ224Z2D5 MINGW64 ~/Desktop/ProjetoGIT (main)
$ git status
On branch main
Your branch is up to date with 'origin/main'.

Changes to be committed:
  (use "git restore --staged <file>..." to unstage)
        modified:   Home.txt


jdiogenes@21LAPBRJ224Z2D5 MINGW64 ~/Desktop/ProjetoGIT (main)
$ git commit -m "Atualização nova do Home.txt"
[main 4b53763] Atualização nova do Home.txt
 1 file changed, 3 insertions(+), 1 deletion(-)

jdiogenes@21LAPBRJ224Z2D5 MINGW64 ~/Desktop/ProjetoGIT (main)
$ git pull
Already up to date.

jdiogenes@21LAPBRJ224Z2D5 MINGW64 ~/Desktop/ProjetoGIT (main)
$ git push
Enumerating objects: 5, done.
Counting objects: 100% (5/5), done.
Delta compression using up to 8 threads
Compressing objects: 100% (3/3), done.
Writing objects: 100% (3/3), 349 bytes | 116.00 KiB/s, done.
Total 3 (delta 0), reused 0 (delta 0), pack-reused 0 (from 0)
To https://github.com/diogenesfreitas/ProjetoGIT.git
   5faaa2a..4b53763  main -> main

jdiogenes@21LAPBRJ224Z2D5 MINGW64 ~/Desktop/ProjetoGIT (main)
$ git status
On branch main
Your branch is up to date with 'origin/main'.

Changes not staged for commit:
  (use "git add <file>..." to update what will be committed)
  (use "git restore <file>..." to discard changes in working directory)
        modified:   Home.txt

no changes added to commit (use "git add" and/or "git commit -a")

jdiogenes@21LAPBRJ224Z2D5 MINGW64 ~/Desktop/ProjetoGIT (main)
$ git add .

jdiogenes@21LAPBRJ224Z2D5 MINGW64 ~/Desktop/ProjetoGIT (main)
$ git commit -m "Atualização 3 do Home.txt"
[main 786b330] Atualização 3 do Home.txt
 1 file changed, 2 insertions(+), 2 deletions(-)

jdiogenes@21LAPBRJ224Z2D5 MINGW64 ~/Desktop/ProjetoGIT (main)
$ git push
Enumerating objects: 5, done.
Counting objects: 100% (5/5), done.
Delta compression using up to 8 threads
Compressing objects: 100% (3/3), done.
Writing objects: 100% (3/3), 351 bytes | 175.00 KiB/s, done.
Total 3 (delta 0), reused 0 (delta 0), pack-reused 0 (from 0)
To https://github.com/diogenesfreitas/ProjetoGIT.git
   4b53763..786b330  main -> main

jdiogenes@21LAPBRJ224Z2D5 MINGW64 ~/Desktop/ProjetoGIT (main)
$ git status
On branch main
Your branch is up to date with 'origin/main'.

Changes not staged for commit:
  (use "git add <file>..." to update what will be committed)
  (use "git restore <file>..." to discard changes in working directory)
        modified:   Cadastro.txt

no changes added to commit (use "git add" and/or "git commit -a")

jdiogenes@21LAPBRJ224Z2D5 MINGW64 ~/Desktop/ProjetoGIT (main)
$ git add .

jdiogenes@21LAPBRJ224Z2D5 MINGW64 ~/Desktop/ProjetoGIT (main)
$ git commit -m "Atualização 1 do Cadastro.txt"
[main 4766eb0] Atualização 1 do Cadastro.txt
 1 file changed, 5 insertions(+), 1 deletion(-)

jdiogenes@21LAPBRJ224Z2D5 MINGW64 ~/Desktop/ProjetoGIT (main)
$ git push
Enumerating objects: 5, done.
Counting objects: 100% (5/5), done.
Delta compression using up to 8 threads
Compressing objects: 100% (2/2), done.
Writing objects: 100% (3/3), 346 bytes | 115.00 KiB/s, done.
Total 3 (delta 0), reused 0 (delta 0), pack-reused 0 (from 0)
To https://github.com/diogenesfreitas/ProjetoGIT.git
   786b330..4766eb0  main -> main

jdiogenes@21LAPBRJ224Z2D5 MINGW64 ~/Desktop/ProjetoGIT (main)
$
--------------------------------------------------------------------------------

jdiogenes@21LAPBRJ224Z2D5 MINGW64 ~/Desktop/ProjetoGIT (main)
$ git init
Reinitialized existing Git repository in C:/Users/jdiogenes/Desktop/ProjetoGIT/.git/

jdiogenes@21LAPBRJ224Z2D5 MINGW64 ~/Desktop/ProjetoGIT (main)
$ git status
On branch main
Your branch is up to date with 'origin/main'.

nothing to commit, working tree clean

jdiogenes@21LAPBRJ224Z2D5 MINGW64 ~/Desktop/ProjetoGIT (main)
$ git log
commit 4766eb0b5a183bb06911385505b7a7dc971b620b (HEAD -> main, origin/main, origin/HEAD)
Author: diogenesfreitas <difreitas1610@gmail.com>
Date:   Wed Apr 9 09:04:04 2025 -0300

    Atualização 1 do Cadastro.txt

commit 786b3309e90208ac5fbc181802909e7dd23baa39
Author: diogenesfreitas <difreitas1610@gmail.com>
Date:   Wed Apr 9 09:02:53 2025 -0300

    Atualização 3 do Home.txt

commit 4b537631b7e33ad1a96953bb4f9d6f1b78b2a60a
Author: diogenesfreitas <difreitas1610@gmail.com>
Date:   Wed Apr 9 08:54:20 2025 -0300

    Atualização nova do Home.txt

commit 5faaa2ad35fb9d96ba636db15e52f41d2a632b54
Author: diogenesfreitas <difreitas1610@gmail.com>
Date:   Wed Apr 9 08:49:15 2025 -0300

    Atualização do Home.txt

commit 464c41796ab2d20388d9fb6b7592b2aed6e25d48
Author: diogenesfreitas <difreitas1610@gmail.com>
Date:   Tue Apr 8 08:37:51 2025 -0300

    Criação de arquivos iniciais

jdiogenes@21LAPBRJ224Z2D5 MINGW64 ~/Desktop/ProjetoGIT (main)
$ git log -n
error: -n requires an argument

jdiogenes@21LAPBRJ224Z2D5 MINGW64 ~/Desktop/ProjetoGIT (main)
$ git log -2
commit 4766eb0b5a183bb06911385505b7a7dc971b620b (HEAD -> main, origin/main, origin/HEAD)
Author: diogenesfreitas <difreitas1610@gmail.com>
Date:   Wed Apr 9 09:04:04 2025 -0300

    Atualização 1 do Cadastro.txt

commit 786b3309e90208ac5fbc181802909e7dd23baa39
Author: diogenesfreitas <difreitas1610@gmail.com>
Date:   Wed Apr 9 09:02:53 2025 -0300

    Atualização 3 do Home.txt

jdiogenes@21LAPBRJ224Z2D5 MINGW64 ~/Desktop/ProjetoGIT (main)
$ git log -1
commit 4766eb0b5a183bb06911385505b7a7dc971b620b (HEAD -> main, origin/main, origin/HEAD)
Author: diogenesfreitas <difreitas1610@gmail.com>
Date:   Wed Apr 9 09:04:04 2025 -0300

    Atualização 1 do Cadastro.txt

jdiogenes@21LAPBRJ224Z2D5 MINGW64 ~/Desktop/ProjetoGIT (main)
$ git log -3
commit 4766eb0b5a183bb06911385505b7a7dc971b620b (HEAD -> main, origin/main, origin/HEAD)
Author: diogenesfreitas <difreitas1610@gmail.com>
Date:   Wed Apr 9 09:04:04 2025 -0300

    Atualização 1 do Cadastro.txt

commit 786b3309e90208ac5fbc181802909e7dd23baa39
Author: diogenesfreitas <difreitas1610@gmail.com>
Date:   Wed Apr 9 09:02:53 2025 -0300

    Atualização 3 do Home.txt

commit 4b537631b7e33ad1a96953bb4f9d6f1b78b2a60a
Author: diogenesfreitas <difreitas1610@gmail.com>
Date:   Wed Apr 9 08:54:20 2025 -0300

    Atualização nova do Home.txt

jdiogenes@21LAPBRJ224Z2D5 MINGW64 ~/Desktop/ProjetoGIT (main)
$ git log --oneline
4766eb0 (HEAD -> main, origin/main, origin/HEAD) Atualização 1 do Cadastro.txt
786b330 Atualização 3 do Home.txt
4b53763 Atualização nova do Home.txt
5faaa2a Atualização do Home.txt
464c417 Criação de arquivos iniciais

jdiogenes@21LAPBRJ224Z2D5 MINGW64 ~/Desktop/ProjetoGIT (main)
$ git diff ^C

jdiogenes@21LAPBRJ224Z2D5 MINGW64 ~/Desktop/ProjetoGIT (main)
$ git diff 464c417 4766eb0
diff --git a/Cadastro.txt b/Cadastro.txt
index 3486908..14b7c7b 100644
--- a/Cadastro.txt
+++ b/Cadastro.txt
@@ -1 +1,5 @@
-Meu arquivo cadastro
\ No newline at end of file
+Meu arquivo cadastro
+
+Pessoas
+Produtos
+Pedidos
\ No newline at end of file
diff --git a/Home.txt b/Home.txt
index a5e9c3c..fee3a72 100644
--- a/Home.txt
+++ b/Home.txt
@@ -1 +1,5 @@
-Meu arquivo home
\ No newline at end of file
+Meu arquivo home
+
+Home | Cadastro
+Home | Relatórios
+Home | Help
\ No newline at end of file

jdiogenes@21LAPBRJ224Z2D5 MINGW64 ~/Desktop/ProjetoGIT (main)
$ git diff 464c417 4766eb0
diff --git a/Cadastro.txt b/Cadastro.txt
index 3486908..14b7c7b 100644
--- a/Cadastro.txt
+++ b/Cadastro.txt
@@ -1 +1,5 @@
-Meu arquivo cadastro
\ No newline at end of file
+Meu arquivo cadastro
+
+Pessoas
+Produtos
+Pedidos
\ No newline at end of file
diff --git a/Home.txt b/Home.txt
index a5e9c3c..fee3a72 100644
--- a/Home.txt
+++ b/Home.txt
@@ -1 +1,5 @@
-Meu arquivo home
\ No newline at end of file
+Meu arquivo home
+
+Home | Cadastro
+Home | Relatórios
+Home | Help
\ No newline at end of file

jdiogenes@21LAPBRJ224Z2D5 MINGW64 ~/Desktop/ProjetoGIT (main)
$ git diff 5faaa2a 4b53763
diff --git a/Home.txt b/Home.txt
index 5a442d6..d8c32c1 100644
--- a/Home.txt
+++ b/Home.txt
@@ -1,3 +1,5 @@
 Meu arquivo home

-Home | Help
\ No newline at end of file
+Home | Help
+Home | Cadastro
+Home | Relatórios
\ No newline at end of file

jdiogenes@21LAPBRJ224Z2D5 MINGW64 ~/Desktop/ProjetoGIT (main)
$ git blame Home.txt
5faaa2ad (diogenesfreitas 2025-04-09 08:49:15 -0300 1) Meu arquivo home
5faaa2ad (diogenesfreitas 2025-04-09 08:49:15 -0300 2)
4b537631 (diogenesfreitas 2025-04-09 08:54:20 -0300 3) Home | Cadastro
786b3309 (diogenesfreitas 2025-04-09 09:02:53 -0300 4) Home | Relatórios
786b3309 (diogenesfreitas 2025-04-09 09:02:53 -0300 5) Home | Help

jdiogenes@21LAPBRJ224Z2D5 MINGW64 ~/Desktop/ProjetoGIT (main)
$ git branch Desenv

jdiogenes@21LAPBRJ224Z2D5 MINGW64 ~/Desktop/ProjetoGIT (main)
$ git branch
  Desenv
* main

jdiogenes@21LAPBRJ224Z2D5 MINGW64 ~/Desktop/ProjetoGIT (main)
$ git branch -m Desenv Desenvolvimento

jdiogenes@21LAPBRJ224Z2D5 MINGW64 ~/Desktop/ProjetoGIT (main)
$ git branch
  Desenvolvimento
* main

jdiogenes@21LAPBRJ224Z2D5 MINGW64 ~/Desktop/ProjetoGIT (main)
$ git checkout desenvolvimento
Switched to branch 'desenvolvimento'

jdiogenes@21LAPBRJ224Z2D5 MINGW64 ~/Desktop/ProjetoGIT (desenvolvimento)
$ git branch
  Desenvolvimento
  main

jdiogenes@21LAPBRJ224Z2D5 MINGW64 ~/Desktop/ProjetoGIT (desenvolvimento)
$ git checkout Desenvolvimento
Switched to branch 'Desenvolvimento'

jdiogenes@21LAPBRJ224Z2D5 MINGW64 ~/Desktop/ProjetoGIT (Desenvolvimento)
$ git branch
* Desenvolvimento
  main

jdiogenes@21LAPBRJ224Z2D5 MINGW64 ~/Desktop/ProjetoGIT (Desenvolvimento)
$ git status
On branch Desenvolvimento
nothing to commit, working tree clean

jdiogenes@21LAPBRJ224Z2D5 MINGW64 ~/Desktop/ProjetoGIT (Desenvolvimento)
$
